[ADS] Record ID = ADS_20260225_110002
[ADS] RECORD_DIR = /navigator/logs/record
[ADS] Publishing fake rain for 30s...
[ADS] Waiting sensors startup (15s)...
[ADS] Recording window 120s (sampling weather every 10s)...
[ADS] Waiting flush margin (10s)...
[ADS] Waiting new bag object (timeout 360s)...
[ADS] New object: /navigator/logs/record/debug_negative_rain_r-1-0_v7500.RAINMAN00001.2026-02-25.11-00-41.61.bag
[ADS] Renamed bag object: /navigator/logs/record/ads_ADS_20260225_110002__debug_negative_rain_r-1-0_v7500.RAINMAN00001.2026-02-25.11-00-41.61.bag
[ADS] Log written to /navigator/logs/ads/ADS_20260225_110002.json
[ADS] Done.
[ADS] Record ID = ADS_20260225_230003
[ADS] RECORD_DIR = /navigator/logs/record
[ADS] Publishing fake rain for 30s...
[ADS] Waiting sensors startup (15s)...
[ADS] Recording window 120s (sampling weather every 10s)...
[ADS] Waiting flush margin (10s)...
[ADS] Waiting new bag object (timeout 360s)...
[ADS] New object: /navigator/logs/record/debug_negative_rain_r-1-0_v7500.RAINMAN00001.2026-02-25.23-00-42.62.bag
[ADS] Renamed bag object: /navigator/logs/record/ads_ADS_20260225_230003__debug_negative_rain_r-1-0_v7500.RAINMAN00001.2026-02-25.23-00-42.62.bag
[ADS] Log written to /navigator/logs/ads/ADS_20260225_230003.json
[ADS] Done.
[ADS] Record ID = ADS_20260226_110000
[ADS] RECORD_DIR = /navigator/logs/record
[ADS] Publishing fake rain for 30s...
[ADS] Waiting sensors startup (15s)...
[ADS] Recording window 120s (sampling weather every 10s)...
[ADS] Waiting flush margin (10s)...
[ADS] Waiting new bag object (timeout 360s)...
[ADS] New object: /navigator/logs/record/debug_negative_rain_r-1-0_v7500.RAINMAN00001.2026-02-26.11-00-40.66.bag
[ADS] Renamed bag object: /navigator/logs/record/ads_ADS_20260226_110000__debug_negative_rain_r-1-0_v7500.RAINMAN00001.2026-02-26.11-00-40.66.bag
[ADS] Log written to /navigator/logs/ads/ADS_20260226_110000.json
[ADS] Done.
[ADS] Record ID = ADS_20260226_230003
[ADS] RECORD_DIR = /navigator/logs/record
[ADS] Publishing fake rain for 30s...
[ADS] Waiting sensors startup (15s)...
[ADS] Recording window 120s (sampling weather every 10s)...
[ADS] Waiting flush margin (10s)...
[ADS] Waiting new bag object (timeout 360s)...
[ADS] New object: /navigator/logs/record/debug_negative_rain_r-1-0_v7500.RAINMAN00001.2026-02-26.23-00-42.67.bag
[ADS] Renamed bag object: /navigator/logs/record/ads_ADS_20260226_230003__debug_negative_rain_r-1-0_v7500.RAINMAN00001.2026-02-26.23-00-42.67.bag
[ADS] Log written to /navigator/logs/ads/ADS_20260226_230003.json
[ADS] Done.
[ADS] Record ID = ADS_20260227_110003
[ADS] RECORD_DIR = /navigator/logs/record
[ADS] Publishing fake rain for 30s...
[ADS] Waiting sensors startup (15s)...
[ADS] Recording window 120s (sampling weather every 10s)...
[ADS] Waiting flush margin (10s)...
[ADS] Waiting new bag object (timeout 360s)...
[ADS] New object: /navigator/logs/record/debug_negative_rain_r-1-0_v7500.RAINMAN00001.2026-02-27.11-00-42.68.bag
[ADS] Renamed bag object: /navigator/logs/record/ads_ADS_20260227_110003__debug_negative_rain_r-1-0_v7500.RAINMAN00001.2026-02-27.11-00-42.68.bag
[ADS] Log written to /navigator/logs/ads/ADS_20260227_110003.json
[ADS] Done.
[ADS] Record ID = ADS_20260227_230003
[ADS] RECORD_DIR = /navigator/logs/record
[ADS] Publishing fake rain for 30s...
[ADS] Waiting sensors startup (15s)...
[ADS] Recording window 120s (sampling weather every 10s)...
[ADS] Waiting flush margin (10s)...
[ADS] Waiting new bag object (timeout 360s)...
[ADS] New object: /navigator/logs/record/debug_negative_rain_r-1-0_v7500.RAINMAN00001.2026-02-27.23-00-42.69.bag
[ADS] Renamed bag object: /navigator/logs/record/ads_ADS_20260227_230003__debug_negative_rain_r-1-0_v7500.RAINMAN00001.2026-02-27.23-00-42.69.bag
[ADS] Log written to /navigator/logs/ads/ADS_20260227_230003.json
[ADS] Done.
[ADS] Record ID = ADS_20260228_110003
[ADS] RECORD_DIR = /navigator/logs/record
[ADS] Publishing fake rain for 30s...
[ADS] Waiting sensors startup (15s)...
[ADS] Recording window 120s (sampling weather every 10s)...
[ADS] Waiting flush margin (10s)...
[ADS] Waiting new bag object (timeout 360s)...
[ADS] New object: /navigator/logs/record/debug_negative_rain_r-1-0_v7500.RAINMAN00001.2026-02-28.11-00-42.70.bag
[ADS] Renamed bag object: /navigator/logs/record/ads_ADS_20260228_110003__debug_negative_rain_r-1-0_v7500.RAINMAN00001.2026-02-28.11-00-42.70.bag
[ADS] Log written to /navigator/logs/ads/ADS_20260228_110003.json
[ADS] Done.
[ADS] Record ID = ADS_20260228_230003
[ADS] RECORD_DIR = /navigator/logs/record
[ADS] Publishing fake rain for 30s...
[ADS] Waiting sensors startup (15s)...
[ADS] Recording window 120s (sampling weather every 10s)...
[ADS] Waiting flush margin (10s)...
[ADS] Waiting new bag object (timeout 360s)...
[ADS] New object: /navigator/logs/record/debug_negative_rain_r-1-0_v7500.RAINMAN00001.2026-02-28.23-00-42.71.bag
[ADS] Renamed bag object: /navigator/logs/record/ads_ADS_20260228_230003__debug_negative_rain_r-1-0_v7500.RAINMAN00001.2026-02-28.23-00-42.71.bag
[ADS] Log written to /navigator/logs/ads/ADS_20260228_230003.json
[ADS] Done.
[ADS] Record ID = ADS_20260301_110003
[ADS] RECORD_DIR = /navigator/logs/record
[ADS] Publishing fake rain for 30s...
[ADS] Waiting sensors startup (15s)...
[ADS] Recording window 120s (sampling weather every 10s)...
[ADS] Waiting flush margin (10s)...
[ADS] Waiting new bag object (timeout 360s)...
[ADS] New object: /navigator/logs/record/debug_negative_rain_r-1-0_v7500.RAINMAN00001.2026-03-01.11-00-42.72.bag
[ADS] Renamed bag object: /navigator/logs/record/ads_ADS_20260301_110003__debug_negative_rain_r-1-0_v7500.RAINMAN00001.2026-03-01.11-00-42.72.bag
[ADS] Log written to /navigator/logs/ads/ADS_20260301_110003.json
[ADS] Done.
[ADS] Record ID = ADS_20260301_230003
[ADS] RECORD_DIR = /navigator/logs/record
[ADS] Publishing fake rain for 30s...
[ADS] Waiting sensors startup (15s)...
[ADS] Recording window 120s (sampling weather every 10s)...
[ADS] Waiting flush margin (10s)...
[ADS] Waiting new bag object (timeout 360s)...
[ADS] New object: /navigator/logs/record/debug_negative_rain_r-1-0_v7500.RAINMAN00001.2026-03-01.23-00-42.73.bag
[ADS] Renamed bag object: /navigator/logs/record/ads_ADS_20260301_230003__debug_negative_rain_r-1-0_v7500.RAINMAN00001.2026-03-01.23-00-42.73.bag
[ADS] Log written to /navigator/logs/ads/ADS_20260301_230003.json
[ADS] Done.
[ADS] Record ID = ADS_20260302_110003
[ADS] RECORD_DIR = /navigator/logs/record
[ADS] Publishing fake rain for 30s...
[ADS] Waiting sensors startup (15s)...
[ADS] Recording window 120s (sampling weather every 10s)...
[ADS] Record ID = ADS_20260302_230002
[ADS] RECORD_DIR = /navigator/logs/record
[ADS] Record ID = ADS_20260303_110000
[ADS] RECORD_DIR = /navigator/logs/record
[ADS] Record ID = ADS_20260303_230000
[ADS] RECORD_DIR = /navigator/logs/record
[ADS] Record ID = ADS_20260304_110000
[ADS] RECORD_DIR = /navigator/logs/record
[ADS] Record ID = ADS_20260304_230000
[ADS] RECORD_DIR = /navigator/logs/record
[ADS] Record ID = ADS_20260305_110000
[ADS] RECORD_DIR = /navigator/logs/record
[ADS] Record ID = ADS_20260305_230000
[ADS] RECORD_DIR = /navigator/logs/record
[ADS] Publishing fake rain for 30s...
[ADS] Waiting sensors startup (15s)...
[ADS] Recording window 120s (sampling weather every 10s)...
[ADS] Waiting flush margin (10s)...
[ADS] Waiting new bag object (timeout 360s)...
[ADS] New object: /navigator/logs/record/debug_negative_rain_r-1-0_v7500.RAINMAN00001.2026-03-05.23-00-39.2.bag
[ADS] Renamed bag object: /navigator/logs/record/ads_ADS_20260305_230000__debug_negative_rain_r-1-0_v7500.RAINMAN00001.2026-03-05.23-00-39.2.bag
[ADS] Log written to /navigator/logs/ads/ADS_20260305_230000.json
[ADS] Done.
[ADS] Record ID = ADS_20260306_110002
[ADS] RECORD_DIR = /navigator/logs/record
[ADS] Publishing fake rain for 30s...
[ADS] Waiting sensors startup (15s)...
[ADS] Recording window 120s (sampling weather every 10s)...
[ADS] Waiting flush margin (10s)...
[ADS] Waiting new bag object (timeout 360s)...
[ADS] New object: /navigator/logs/record/debug_negative_rain_r-1-0_v7500.RAINMAN00001.2026-03-06.11-00-41.3.bag
[ADS] Renamed bag object: /navigator/logs/record/ads_ADS_20260306_110002__debug_negative_rain_r-1-0_v7500.RAINMAN00001.2026-03-06.11-00-41.3.bag
[ADS] Log written to /navigator/logs/ads/ADS_20260306_110002.json
[ADS] Done.
[ADS] Record ID = ADS_20260306_230002
[ADS] RECORD_DIR = /navigator/logs/record
[ADS] Publishing fake rain for 30s...
[ADS] Waiting sensors startup (15s)...
[ADS] Recording window 120s (sampling weather every 10s)...
[ADS] Waiting flush margin (10s)...
[ADS] Waiting new bag object (timeout 360s)...
[ADS] New object: /navigator/logs/record/debug_negative_rain_r-1-0_v7500.RAINMAN00001.2026-03-06.23-00-41.4.bag
[ADS] Renamed bag object: /navigator/logs/record/ads_ADS_20260306_230002__debug_negative_rain_r-1-0_v7500.RAINMAN00001.2026-03-06.23-00-41.4.bag
[ADS] Log written to /navigator/logs/ads/ADS_20260306_230002.json
[ADS] Done.
[ADS] Record ID = ADS_20260307_110002
[ADS] RECORD_DIR = /navigator/logs/record
[ADS] Publishing fake rain for 30s...
[ADS] Waiting sensors startup (15s)...
[ADS] Recording window 120s (sampling weather every 10s)...
[ADS] Waiting flush margin (10s)...
[ADS] Waiting new bag object (timeout 360s)...
[ADS] New object: /navigator/logs/record/debug_negative_rain_r-1-0_v7500.RAINMAN00001.2026-03-07.11-00-41.5.bag
[ADS] Renamed bag object: /navigator/logs/record/ads_ADS_20260307_110002__debug_negative_rain_r-1-0_v7500.RAINMAN00001.2026-03-07.11-00-41.5.bag
[ADS] Log written to /navigator/logs/ads/ADS_20260307_110002.json
[ADS] Done.
[ADS] Record ID = ADS_20260307_230002
[ADS] RECORD_DIR = /navigator/logs/record
[ADS] Publishing fake rain for 30s...
[ADS] Waiting sensors startup (15s)...
[ADS] Recording window 120s (sampling weather every 10s)...
[ADS] Waiting flush margin (10s)...
[ADS] Waiting new bag object (timeout 360s)...
[ADS] New object: /navigator/logs/record/debug_negative_rain_r-1-0_v7500.RAINMAN00001.2026-03-07.23-00-41.6.bag
[ADS] Renamed bag object: /navigator/logs/record/ads_ADS_20260307_230002__debug_negative_rain_r-1-0_v7500.RAINMAN00001.2026-03-07.23-00-41.6.bag
[ADS] Log written to /navigator/logs/ads/ADS_20260307_230002.json
[ADS] Done.
[ADS] Record ID = ADS_20260308_110002
[ADS] RECORD_DIR = /navigator/logs/record
[ADS] Publishing fake rain for 30s...
[ADS] Waiting sensors startup (15s)...
[ADS] Recording window 120s (sampling weather every 10s)...
[ADS] Waiting flush margin (10s)...
[ADS] Waiting new bag object (timeout 360s)...
[ADS] New object: /navigator/logs/record/debug_negative_rain_r-1-0_v7500.RAINMAN00001.2026-03-08.11-00-41.15.bag
[ADS] Renamed bag object: /navigator/logs/record/ads_ADS_20260308_110002__debug_negative_rain_r-1-0_v7500.RAINMAN00001.2026-03-08.11-00-41.15.bag
[ADS] Log written to /navigator/logs/ads/ADS_20260308_110002.json
[ADS] Done.
[ADS] Record ID = ADS_20260308_230001
[ADS] RECORD_DIR = /navigator/logs/record
[ADS] Publishing fake rain for 30s...
[ADS] Waiting sensors startup (15s)...
[ADS] Recording window 120s (sampling weather every 10s)...
[ADS] Waiting flush margin (10s)...
[ADS] Waiting new bag object (timeout 360s)...
[ADS] New object: /navigator/logs/record/debug_negative_rain_r-1-0_v7500.RAINMAN00001.2026-03-08.23-00-40.23.bag
[ADS] Renamed bag object: /navigator/logs/record/ads_ADS_20260308_230001__debug_negative_rain_r-1-0_v7500.RAINMAN00001.2026-03-08.23-00-40.23.bag
[ADS] Log written to /navigator/logs/ads/ADS_20260308_230001.json
[ADS] Done.
[ADS] Record ID = ADS_20260309_110002
[ADS] RECORD_DIR = /navigator/logs/record
[ADS] Publishing fake rain for 30s...
[ADS] Waiting sensors startup (15s)...
[ADS] Record ID = ADS_20260309_230001
[ADS] RECORD_DIR = /navigator/logs/record
[ADS] Record ID = ADS_20260310_110000
[ADS] RECORD_DIR = /navigator/logs/record
[ADS] Record ID = ADS_20260310_230000
[ADS] RECORD_DIR = /navigator/logs/record
[ADS] Record ID = ADS_20260311_110000
[ADS] RECORD_DIR = /navigator/logs/record
[ADS] Record ID = ADS_20260311_230000
[ADS] RECORD_DIR = /navigator/logs/record
[ADS] Publishing fake rain for 30s...
[ADS] Waiting sensors startup (15s)...
[ADS] Recording window 120s (sampling weather every 10s)...
[ADS] Waiting flush margin (10s)...
[ADS] Waiting new bag object (timeout 360s)...
[ADS] New object: /navigator/logs/record/debug_negative_rain_r-1-0_v7500.RAINMAN00001.2026-03-11.23-00-39.4.bag
[ADS] Renamed bag object: /navigator/logs/record/ads_ADS_20260311_230000__debug_negative_rain_r-1-0_v7500.RAINMAN00001.2026-03-11.23-00-39.4.bag
[ADS] Log written to /navigator/logs/ads/ADS_20260311_230000.json
[ADS] Done.
[ADS] Record ID = ADS_20260312_110001
[ADS] RECORD_DIR = /navigator/logs/record
[ADS] Publishing fake rain for 30s...
[ADS] Waiting sensors startup (15s)...
[ADS] Recording window 120s (sampling weather every 10s)...
[ADS] Waiting flush margin (10s)...
[ADS] Waiting new bag object (timeout 360s)...
[ADS] New object: /navigator/logs/record/debug_negative_rain_r-1-0_v7500.RAINMAN00001.2026-03-12.11-00-40.5.bag
[ADS] Renamed bag object: /navigator/logs/record/ads_ADS_20260312_110001__debug_negative_rain_r-1-0_v7500.RAINMAN00001.2026-03-12.11-00-40.5.bag
[ADS] Log written to /navigator/logs/ads/ADS_20260312_110001.json
[ADS] Done.
[ADS] Record ID = ADS_20260312_230001
[ADS] RECORD_DIR = /navigator/logs/record
[ADS] Publishing fake rain for 30s...
[ADS] Waiting sensors startup (15s)...
[ADS] Recording window 120s (sampling weather every 10s)...
[ADS] Waiting flush margin (10s)...
[ADS] Waiting new bag object (timeout 360s)...
[ADS] New object: /navigator/logs/record/debug_negative_rain_r-1-0_v7500.RAINMAN00001.2026-03-12.23-00-40.6.bag
[ADS] Renamed bag object: /navigator/logs/record/ads_ADS_20260312_230001__debug_negative_rain_r-1-0_v7500.RAINMAN00001.2026-03-12.23-00-40.6.bag
[ADS] Log written to /navigator/logs/ads/ADS_20260312_230001.json
[ADS] Done.
[ADS] Record ID = ADS_20260313_110001
[ADS] RECORD_DIR = /navigator/logs/record
[ADS] Publishing fake rain for 30s...
[ADS] Waiting sensors startup (15s)...
[ADS] Recording window 120s (sampling weather every 10s)...
[ADS] Waiting flush margin (10s)...
[ADS] Waiting new bag object (timeout 360s)...
[ADS] New object: /navigator/logs/record/debug_negative_rain_r-1-0_v7500.RAINMAN00001.2026-03-13.11-00-40.7.bag
[ADS] Renamed bag object: /navigator/logs/record/ads_ADS_20260313_110001__debug_negative_rain_r-1-0_v7500.RAINMAN00001.2026-03-13.11-00-40.7.bag
[ADS] Log written to /navigator/logs/ads/ADS_20260313_110001.json
[ADS] Done.
[ADS] Record ID = ADS_20260313_230001
[ADS] RECORD_DIR = /navigator/logs/record
[ADS] Publishing fake rain for 30s...
[ADS] Waiting sensors startup (15s)...
[ADS] Recording window 120s (sampling weather every 10s)...
[ADS] Waiting flush margin (10s)...
[ADS] Waiting new bag object (timeout 360s)...
[ADS] New object: /navigator/logs/record/debug_negative_rain_r-1-0_v7500.RAINMAN00001.2026-03-13.23-00-40.10.bag
[ADS] Renamed bag object: /navigator/logs/record/ads_ADS_20260313_230001__debug_negative_rain_r-1-0_v7500.RAINMAN00001.2026-03-13.23-00-40.10.bag
[ADS] Log written to /navigator/logs/ads/ADS_20260313_230001.json
[ADS] Done.
[ADS] Record ID = ADS_20260314_110001
[ADS] RECORD_DIR = /navigator/logs/record
[ADS] Publishing fake rain for 30s...
[ADS] Waiting sensors startup (15s)...
[ADS] Recording window 120s (sampling weather every 10s)...
[ADS] Waiting flush margin (10s)...
[ADS] Waiting new bag object (timeout 360s)...
[ADS] New object: /navigator/logs/record/debug_negative_rain_r-1-0_v7500.RAINMAN00001.2026-03-14.11-00-40.26.bag
[ADS] Renamed bag object: /navigator/logs/record/ads_ADS_20260314_110001__debug_negative_rain_r-1-0_v7500.RAINMAN00001.2026-03-14.11-00-40.26.bag
[ADS] Log written to /navigator/logs/ads/ADS_20260314_110001.json
[ADS] Done.
[ADS] Record ID = ADS_20260314_230001
[ADS] RECORD_DIR = /navigator/logs/record
[ADS] Publishing fake rain for 30s...
[ADS] Waiting sensors startup (15s)...
[ADS] Recording window 120s (sampling weather every 10s)...
[ADS] Waiting flush margin (10s)...
[ADS] Waiting new bag object (timeout 360s)...
[ADS] New object: /navigator/logs/record/debug_negative_rain_r-1-0_v7500.RAINMAN00001.2026-03-14.23-00-40.27.bag
[ADS] Renamed bag object: /navigator/logs/record/ads_ADS_20260314_230001__debug_negative_rain_r-1-0_v7500.RAINMAN00001.2026-03-14.23-00-40.27.bag
[ADS] Log written to /navigator/logs/ads/ADS_20260314_230001.json
[ADS] Done.
[ADS] Record ID = ADS_20260315_110001
[ADS] RECORD_DIR = /navigator/logs/record
[ADS] Publishing fake rain for 30s...
[ADS] Waiting sensors startup (15s)...
[ADS] Recording window 120s (sampling weather every 10s)...
[ADS] Waiting flush margin (10s)...
[ADS] Waiting new bag object (timeout 360s)...
[ADS] New object: /navigator/logs/record/debug_negative_rain_r-1-0_v7500.RAINMAN00001.2026-03-15.11-00-40.28.bag
[ADS] Renamed bag object: /navigator/logs/record/ads_ADS_20260315_110001__debug_negative_rain_r-1-0_v7500.RAINMAN00001.2026-03-15.11-00-40.28.bag
[ADS] Log written to /navigator/logs/ads/ADS_20260315_110001.json
[ADS] Done.
[ADS] Record ID = ADS_20260315_230001
[ADS] RECORD_DIR = /navigator/logs/record
[ADS] Publishing fake rain for 30s...
[ADS] Waiting sensors startup (15s)...
[ADS] Recording window 120s (sampling weather every 10s)...
[ADS] Waiting flush margin (10s)...
[ADS] Waiting new bag object (timeout 360s)...
[ADS] New object: /navigator/logs/record/debug_negative_rain_r-1-0_v7500.RAINMAN00001.2026-03-15.23-00-40.29.bag
[ADS] Renamed bag object: /navigator/logs/record/ads_ADS_20260315_230001__debug_negative_rain_r-1-0_v7500.RAINMAN00001.2026-03-15.23-00-40.29.bag
[ADS] Log written to /navigator/logs/ads/ADS_20260315_230001.json
[ADS] Done.
[ADS] Record ID = ADS_20260316_110001
[ADS] RECORD_DIR = /navigator/logs/record
[ADS] Publishing fake rain for 30s...
[ADS] Record ID = ADS_20260316_230002
[ADS] RECORD_DIR = /navigator/logs/record
[ADS] Record ID = ADS_20260317_110000
[ADS] RECORD_DIR = /navigator/logs/record
[ADS] Publishing fake rain for 30s...
[ADS] Waiting sensors startup (15s)...
[ADS] Recording window 120s (sampling weather every 10s)...
[ADS] Waiting flush margin (10s)...
[ADS] Waiting new bag object (timeout 360s)...
[ADS] New object: /navigator/logs/record/debug_negative_rain_r-1-0_v7500.RAINMAN00001.2026-03-17.11-00-39.45.bag
[ADS] Renamed bag object: /navigator/logs/record/ads_ADS_20260317_110000__debug_negative_rain_r-1-0_v7500.RAINMAN00001.2026-03-17.11-00-39.45.bag
[ADS] Log written to /navigator/logs/ads/ADS_20260317_110000.json
[ADS] Done.
[ADS] Record ID = ADS_20260317_230000
[ADS] RECORD_DIR = /navigator/logs/record
[ADS] Publishing fake rain for 30s...
[ADS] Waiting sensors startup (15s)...
[ADS] Recording window 120s (sampling weather every 10s)...
[ADS] Waiting flush margin (10s)...
[ADS] Waiting new bag object (timeout 360s)...
[ADS] New object: /navigator/logs/record/debug_negative_rain_r-1-0_v7500.RAINMAN00001.2026-03-17.23-00-40.46.bag
[ADS] Renamed bag object: /navigator/logs/record/ads_ADS_20260317_230000__debug_negative_rain_r-1-0_v7500.RAINMAN00001.2026-03-17.23-00-40.46.bag
[ADS] Log written to /navigator/logs/ads/ADS_20260317_230000.json
[ADS] Done.
[ADS] Record ID = ADS_20260318_110002
[ADS] RECORD_DIR = /navigator/logs/record
[ADS] Publishing fake rain for 30s...
[ADS] Waiting sensors startup (15s)...
[ADS] Recording window 120s (sampling weather every 10s)...
[ADS] Waiting flush margin (10s)...
[ADS] Waiting new bag object (timeout 360s)...
[ADS] New object: /navigator/logs/record/debug_negative_rain_r-1-0_v7500.RAINMAN00001.2026-03-18.11-00-42.47.bag
[ADS] Renamed bag object: /navigator/logs/record/ads_ADS_20260318_110002__debug_negative_rain_r-1-0_v7500.RAINMAN00001.2026-03-18.11-00-42.47.bag
[ADS] Log written to /navigator/logs/ads/ADS_20260318_110002.json
[ADS] Done.
[ADS] Record ID = ADS_20260318_230002
[ADS] RECORD_DIR = /navigator/logs/record
[ADS] Publishing fake rain for 30s...
[ADS] Waiting sensors startup (15s)...
[ADS] Recording window 120s (sampling weather every 10s)...
[ADS] Waiting flush margin (10s)...
[ADS] Waiting new bag object (timeout 360s)...
[ADS] New object: /navigator/logs/record/debug_negative_rain_r-1-0_v7500.RAINMAN00001.2026-03-18.23-00-42.48.bag
[ADS] Renamed bag object: /navigator/logs/record/ads_ADS_20260318_230002__debug_negative_rain_r-1-0_v7500.RAINMAN00001.2026-03-18.23-00-42.48.bag
[ADS] Log written to /navigator/logs/ads/ADS_20260318_230002.json
[ADS] Done.
[ADS] Record ID = ADS_20260319_110002
[ADS] RECORD_DIR = /navigator/logs/record
[ADS] Publishing fake rain for 30s...
[ADS] Waiting sensors startup (15s)...
[ADS] Recording window 120s (sampling weather every 10s)...
[ADS] Waiting flush margin (10s)...
[ADS] Waiting new bag object (timeout 360s)...
[ADS] New object: /navigator/logs/record/debug_negative_rain_r-1-0_v7500.RAINMAN00001.2026-03-19.11-00-42.49.bag
[ADS] Renamed bag object: /navigator/logs/record/ads_ADS_20260319_110002__debug_negative_rain_r-1-0_v7500.RAINMAN00001.2026-03-19.11-00-42.49.bag
[ADS] Log written to /navigator/logs/ads/ADS_20260319_110002.json
[ADS] Done.
[ADS] Record ID = ADS_20260319_230002
[ADS] RECORD_DIR = /navigator/logs/record
[ADS] Publishing fake rain for 30s...
[ADS] Waiting sensors startup (15s)...
[ADS] Recording window 120s (sampling weather every 10s)...
[ADS] Waiting flush margin (10s)...
[ADS] Waiting new bag object (timeout 360s)...
[ADS] New object: /navigator/logs/record/debug_negative_rain_r-1-0_v7500.RAINMAN00001.2026-03-19.23-00-42.50.bag
[ADS] Renamed bag object: /navigator/logs/record/ads_ADS_20260319_230002__debug_negative_rain_r-1-0_v7500.RAINMAN00001.2026-03-19.23-00-42.50.bag
[ADS] Log written to /navigator/logs/ads/ADS_20260319_230002.json
[ADS] Done.
[ADS] Record ID = ADS_20260320_110002
[ADS] RECORD_DIR = /navigator/logs/record
[ADS] Publishing fake rain for 30s...
[ADS] Waiting sensors startup (15s)...
[ADS] Recording window 120s (sampling weather every 10s)...
[ADS] Waiting flush margin (10s)...
[ADS] Waiting new bag object (timeout 360s)...
[ADS] New object: /navigator/logs/record/debug_negative_rain_r-1-0_v7500.RAINMAN00001.2026-03-20.11-00-42.54.bag
[ADS] Renamed bag object: /navigator/logs/record/ads_ADS_20260320_110002__debug_negative_rain_r-1-0_v7500.RAINMAN00001.2026-03-20.11-00-42.54.bag
[ADS] Log written to /navigator/logs/ads/ADS_20260320_110002.json
[ADS] Done.
[ADS] Record ID = ADS_20260320_230002
[ADS] RECORD_DIR = /navigator/logs/record
[ADS] Publishing fake rain for 30s...
[ADS] Waiting sensors startup (15s)...
[ADS] Recording window 120s (sampling weather every 10s)...
[ADS] Waiting flush margin (10s)...
[ADS] Waiting new bag object (timeout 360s)...
[ADS] New object: /navigator/logs/record/debug_negative_rain_r-1-0_v7500.RAINMAN00001.2026-03-20.23-00-42.55.bag
[ADS] Renamed bag object: /navigator/logs/record/ads_ADS_20260320_230002__debug_negative_rain_r-1-0_v7500.RAINMAN00001.2026-03-20.23-00-42.55.bag
[ADS] Log written to /navigator/logs/ads/ADS_20260320_230002.json
[ADS] Done.
[ADS] Record ID = ADS_20260321_110002
[ADS] RECORD_DIR = /navigator/logs/record
[ADS] Publishing fake rain for 30s...
[ADS] Waiting sensors startup (15s)...
[ADS] Recording window 120s (sampling weather every 10s)...
[ADS] Waiting flush margin (10s)...
[ADS] Waiting new bag object (timeout 360s)...
[ADS] New object: /navigator/logs/record/debug_negative_rain_r-1-0_v7500.RAINMAN00001.2026-03-21.11-00-42.56.bag
[ADS] Renamed bag object: /navigator/logs/record/ads_ADS_20260321_110002__debug_negative_rain_r-1-0_v7500.RAINMAN00001.2026-03-21.11-00-42.56.bag
[ADS] Log written to /navigator/logs/ads/ADS_20260321_110002.json
[ADS] Done.
[ADS] Record ID = ADS_20260321_230002
[ADS] RECORD_DIR = /navigator/logs/record
[ADS] Publishing fake rain for 30s...
[ADS] Waiting sensors startup (15s)...
[ADS] Recording window 120s (sampling weather every 10s)...
[ADS] Waiting flush margin (10s)...
[ADS] Waiting new bag object (timeout 360s)...
[ADS] New object: /navigator/logs/record/debug_negative_rain_r-1-0_v7500.RAINMAN00001.2026-03-21.23-00-42.68.bag
[ADS] Renamed bag object: /navigator/logs/record/ads_ADS_20260321_230002__debug_negative_rain_r-1-0_v7500.RAINMAN00001.2026-03-21.23-00-42.68.bag
[ADS] Log written to /navigator/logs/ads/ADS_20260321_230002.json
[ADS] Done.
[ADS] Record ID = ADS_20260322_110002
[ADS] RECORD_DIR = /navigator/logs/record
[ADS] Publishing fake rain for 30s...
[ADS] Waiting sensors startup (15s)...
[ADS] Recording window 120s (sampling weather every 10s)...
[ADS] Waiting flush margin (10s)...
[ADS] Waiting new bag object (timeout 360s)...
[ADS] New object: /navigator/logs/record/debug_negative_rain_r-1-0_v7500.RAINMAN00001.2026-03-22.11-00-42.69.bag
[ADS] Renamed bag object: /navigator/logs/record/ads_ADS_20260322_110002__debug_negative_rain_r-1-0_v7500.RAINMAN00001.2026-03-22.11-00-42.69.bag
[ADS] Log written to /navigator/logs/ads/ADS_20260322_110002.json
[ADS] Done.
[ADS] Record ID = ADS_20260322_230002
[ADS] RECORD_DIR = /navigator/logs/record
[ADS] Publishing fake rain for 30s...
[ADS] Waiting sensors startup (15s)...
[ADS] Recording window 120s (sampling weather every 10s)...
[ADS] Waiting flush margin (10s)...
[ADS] Waiting new bag object (timeout 360s)...
[ADS] New object: /navigator/logs/record/debug_negative_rain_r-1-0_v7500.RAINMAN00001.2026-03-22.23-00-42.71.bag
[ADS] Renamed bag object: /navigator/logs/record/ads_ADS_20260322_230002__debug_negative_rain_r-1-0_v7500.RAINMAN00001.2026-03-22.23-00-42.71.bag
[ADS] Log written to /navigator/logs/ads/ADS_20260322_230002.json
[ADS] Done.
[ADS] Record ID = ADS_20260323_110002
[ADS] RECORD_DIR = /navigator/logs/record
[ADS] Publishing fake rain for 30s...
[ADS] Record ID = ADS_20260323_230003
[ADS] RECORD_DIR = /navigator/logs/record
[ADS] Record ID = ADS_20260324_110000
[ADS] RECORD_DIR = /navigator/logs/record
[ADS] Record ID = ADS_20260324_230000
[ADS] RECORD_DIR = /navigator/logs/record
[ADS] Record ID = ADS_20260325_110000
[ADS] RECORD_DIR = /navigator/logs/record
[ADS] Record ID = ADS_20260325_230000
[ADS] RECORD_DIR = /navigator/logs/record
[ADS] Record ID = ADS_20260326_110000
[ADS] RECORD_DIR = /navigator/logs/record
[ADS] Record ID = ADS_20260326_230000
[ADS] RECORD_DIR = /navigator/logs/record
[ADS] Record ID = ADS_20260327_110000
[ADS] RECORD_DIR = /navigator/logs/record
[ADS] Record ID = ADS_20260327_230000
[ADS] RECORD_DIR = /navigator/logs/record
[ADS] Record ID = ADS_20260328_110000
[ADS] RECORD_DIR = /navigator/logs/record
[ADS] Record ID = ADS_20260328_230000
[ADS] RECORD_DIR = /navigator/logs/record
[ADS] Publishing fake rain for 30s...
[ADS] Waiting sensors startup (15s)...
[ADS] Recording window 120s (sampling weather every 10s)...
[ADS] Waiting flush margin (10s)...
[ADS] Waiting new bag object (timeout 360s)...
[ADS] New object: /navigator/logs/record/debug_negative_rain_r-1-0_v7500.RAINMAN00001.2026-03-28.23-00-39.2.bag
[ADS] Renamed bag object: /navigator/logs/record/ads_ADS_20260328_230000__debug_negative_rain_r-1-0_v7500.RAINMAN00001.2026-03-28.23-00-39.2.bag
[ADS] Log written to /navigator/logs/ads/ADS_20260328_230000.json
[ADS] Done.
[ADS] Record ID = ADS_20260329_110000
[ADS] RECORD_DIR = /navigator/logs/record
[ADS] Publishing fake rain for 30s...
[ADS] Waiting sensors startup (15s)...
[ADS] Recording window 120s (sampling weather every 10s)...
[ADS] Waiting flush margin (10s)...
[ADS] Waiting new bag object (timeout 360s)...
[ADS] New object: /navigator/logs/record/debug_negative_rain_r-1-0_v7500.RAINMAN00001.2026-03-29.11-00-39.3.bag
[ADS] Renamed bag object: /navigator/logs/record/ads_ADS_20260329_110000__debug_negative_rain_r-1-0_v7500.RAINMAN00001.2026-03-29.11-00-39.3.bag
[ADS] Log written to /navigator/logs/ads/ADS_20260329_110000.json
[ADS] Done.
[ADS] Record ID = ADS_20260329_230002
[ADS] RECORD_DIR = /navigator/logs/record
[ADS] Publishing fake rain for 30s...
[ADS] Waiting sensors startup (15s)...
[ADS] Recording window 120s (sampling weather every 10s)...
[ADS] Waiting flush margin (10s)...
[ADS] Waiting new bag object (timeout 360s)...
[ADS] New object: /navigator/logs/record/debug_negative_rain_r-1-0_v7500.RAINMAN00001.2026-03-29.23-00-41.4.bag
[ADS] Renamed bag object: /navigator/logs/record/ads_ADS_20260329_230002__debug_negative_rain_r-1-0_v7500.RAINMAN00001.2026-03-29.23-00-41.4.bag
[ADS] Log written to /navigator/logs/ads/ADS_20260329_230002.json
[ADS] Done.
[ADS] Record ID = ADS_20260330_110002
[ADS] RECORD_DIR = /navigator/logs/record
[ADS] Publishing fake rain for 30s...
[ADS] Record ID = ADS_20260330_230000
[ADS] RECORD_DIR = /navigator/logs/record
[ADS] Record ID = ADS_20260331_110000
[ADS] RECORD_DIR = /navigator/logs/record
[ADS] Record ID = ADS_20260331_230000
[ADS] RECORD_DIR = /navigator/logs/record
[ADS] Record ID = ADS_20260401_110000
[ADS] RECORD_DIR = /navigator/logs/record
[ADS] Record ID = ADS_20260401_230000
[ADS] RECORD_DIR = /navigator/logs/record
[ADS] Publishing fake rain for 30s...
[ADS] Waiting sensors startup (15s)...
[ADS] Recording window 120s (sampling weather every 10s)...
[ADS] Waiting flush margin (10s)...
[ADS] Waiting new bag object (timeout 360s)...
[ADS] New object: /navigator/logs/record/debug_negative_rain_r-1-0_v7500.RAINMAN00001.2026-04-01.23-00-39.7.bag
[ADS] Renamed bag object: /navigator/logs/record/ads_ADS_20260401_230000__debug_negative_rain_r-1-0_v7500.RAINMAN00001.2026-04-01.23-00-39.7.bag
[ADS] Log written to /navigator/logs/ads/ADS_20260401_230000.json
[ADS] Done.
[ADS] Record ID = ADS_20260402_110002
[ADS] RECORD_DIR = /navigator/logs/record
[ADS] Publishing fake rain for 30s...
[ADS] Waiting sensors startup (15s)...
[ADS] Recording window 120s (sampling weather every 10s)...
[ADS] Waiting flush margin (10s)...
[ADS] Waiting new bag object (timeout 360s)...
[ADS] New object: /navigator/logs/record/debug_negative_rain_r-1-0_v7500.RAINMAN00001.2026-04-02.11-00-41.8.bag
[ADS] Renamed bag object: /navigator/logs/record/ads_ADS_20260402_110002__debug_negative_rain_r-1-0_v7500.RAINMAN00001.2026-04-02.11-00-41.8.bag
[ADS] Log written to /navigator/logs/ads/ADS_20260402_110002.json
[ADS] Done.
[ADS] Record ID = ADS_20260402_230002
[ADS] RECORD_DIR = /navigator/logs/record
[ADS] Publishing fake rain for 30s...
[ADS] Waiting sensors startup (15s)...
[ADS] Recording window 120s (sampling weather every 10s)...
[ADS] Waiting flush margin (10s)...
[ADS] Waiting new bag object (timeout 360s)...
[ADS] New object: /navigator/logs/record/debug_negative_rain_r-1-0_v7500.RAINMAN00001.2026-04-02.23-00-41.10.bag
[ADS] Renamed bag object: /navigator/logs/record/ads_ADS_20260402_230002__debug_negative_rain_r-1-0_v7500.RAINMAN00001.2026-04-02.23-00-41.10.bag
[ADS] Log written to /navigator/logs/ads/ADS_20260402_230002.json
[ADS] Done.
[ADS] Record ID = ADS_20260403_110002
[ADS] RECORD_DIR = /navigator/logs/record
[ADS] Publishing fake rain for 30s...
[ADS] Waiting sensors startup (15s)...
[ADS] Recording window 120s (sampling weather every 10s)...
[ADS] Waiting flush margin (10s)...
[ADS] Waiting new bag object (timeout 360s)...
[ADS] New object: /navigator/logs/record/debug_negative_rain_r-1-0_v7500.RAINMAN00001.2026-04-03.11-00-41.11.bag
[ADS] Renamed bag object: /navigator/logs/record/ads_ADS_20260403_110002__debug_negative_rain_r-1-0_v7500.RAINMAN00001.2026-04-03.11-00-41.11.bag
[ADS] Log written to /navigator/logs/ads/ADS_20260403_110002.json
[ADS] Done.
[ADS] Record ID = ADS_20260403_230002
[ADS] RECORD_DIR = /navigator/logs/record
[ADS] Publishing fake rain for 30s...
[ADS] Waiting sensors startup (15s)...
[ADS] Recording window 120s (sampling weather every 10s)...
[ADS] Waiting flush margin (10s)...
[ADS] Waiting new bag object (timeout 360s)...
[ADS] New object: /navigator/logs/record/debug_negative_rain_r-1-0_v7500.RAINMAN00001.2026-04-03.23-00-41.12.bag
[ADS] Renamed bag object: /navigator/logs/record/ads_ADS_20260403_230002__debug_negative_rain_r-1-0_v7500.RAINMAN00001.2026-04-03.23-00-41.12.bag
[ADS] Log written to /navigator/logs/ads/ADS_20260403_230002.json
[ADS] Done.
[ADS] Record ID = ADS_20260404_110002
[ADS] RECORD_DIR = /navigator/logs/record
[ADS] Publishing fake rain for 30s...
[ADS] Waiting sensors startup (15s)...
[ADS] Recording window 120s (sampling weather every 10s)...
[ADS] Waiting flush margin (10s)...
[ADS] Waiting new bag object (timeout 360s)...
[ADS] New object: /navigator/logs/record/debug_negative_rain_r-1-0_v7500.RAINMAN00001.2026-04-04.11-00-41.13.bag
[ADS] Renamed bag object: /navigator/logs/record/ads_ADS_20260404_110002__debug_negative_rain_r-1-0_v7500.RAINMAN00001.2026-04-04.11-00-41.13.bag
[ADS] Log written to /navigator/logs/ads/ADS_20260404_110002.json
[ADS] Done.
[ADS] Record ID = ADS_20260404_230002
[ADS] RECORD_DIR = /navigator/logs/record
[ADS] Publishing fake rain for 30s...
[ADS] Waiting sensors startup (15s)...
[ADS] Recording window 120s (sampling weather every 10s)...
[ADS] Waiting flush margin (10s)...
[ADS] Waiting new bag object (timeout 360s)...
[ADS] New object: /navigator/logs/record/debug_negative_rain_r-1-0_v7500.RAINMAN00001.2026-04-04.23-00-41.14.bag
[ADS] Renamed bag object: /navigator/logs/record/ads_ADS_20260404_230002__debug_negative_rain_r-1-0_v7500.RAINMAN00001.2026-04-04.23-00-41.14.bag
[ADS] Log written to /navigator/logs/ads/ADS_20260404_230002.json
[ADS] Done.
[ADS] Record ID = ADS_20260405_110002
[ADS] RECORD_DIR = /navigator/logs/record
[ADS] Publishing fake rain for 30s...
[ADS] Waiting sensors startup (15s)...
[ADS] Recording window 120s (sampling weather every 10s)...
[ADS] Waiting flush margin (10s)...
[ADS] Waiting new bag object (timeout 360s)...
[ADS] New object: /navigator/logs/record/debug_negative_rain_r-1-0_v7500.RAINMAN00001.2026-04-05.11-00-41.15.bag
[ADS] Renamed bag object: /navigator/logs/record/ads_ADS_20260405_110002__debug_negative_rain_r-1-0_v7500.RAINMAN00001.2026-04-05.11-00-41.15.bag
[ADS] Log written to /navigator/logs/ads/ADS_20260405_110002.json
[ADS] Done.
[ADS] Record ID = ADS_20260405_230002
[ADS] RECORD_DIR = /navigator/logs/record
[ADS] Publishing fake rain for 30s...
[ADS] Waiting sensors startup (15s)...
[ADS] Recording window 120s (sampling weather every 10s)...
[ADS] Waiting flush margin (10s)...
[ADS] Waiting new bag object (timeout 360s)...
[ADS] New object: /navigator/logs/record/debug_negative_rain_r-1-0_v7500.RAINMAN00001.2026-04-05.23-00-41.16.bag
[ADS] Renamed bag object: /navigator/logs/record/ads_ADS_20260405_230002__debug_negative_rain_r-1-0_v7500.RAINMAN00001.2026-04-05.23-00-41.16.bag
[ADS] Log written to /navigator/logs/ads/ADS_20260405_230002.json
[ADS] Done.
[ADS] Record ID = ADS_20260406_110000
[ADS] RECORD_DIR = /navigator/logs/record
[ADS] Publishing fake rain for 30s...
[ADS] Record ID = ADS_20260406_230001
[ADS] RECORD_DIR = /navigator/logs/record
[ADS] Record ID = ADS_20260407_110000
[ADS] RECORD_DIR = /navigator/logs/record
[ADS] Record ID = ADS_20260407_230000
[ADS] RECORD_DIR = /navigator/logs/record
[ADS] Record ID = ADS_20260408_110000
[ADS] RECORD_DIR = /navigator/logs/record
[ADS] Record ID = ADS_20260408_230000
[ADS] RECORD_DIR = /navigator/logs/record
[ADS] Record ID = ADS_20260409_110000
[ADS] RECORD_DIR = /navigator/logs/record
[ADS] Record ID = ADS_20260409_230000
[ADS] RECORD_DIR = /navigator/logs/record
[ADS] Record ID = ADS_20260410_110000
[ADS] RECORD_DIR = /navigator/logs/record
[ADS] Record ID = ADS_20260410_230000
[ADS] RECORD_DIR = /navigator/logs/record
[ADS] Record ID = ADS_20260411_110000
[ADS] RECORD_DIR = /navigator/logs/record
[ADS] Record ID = ADS_20260411_230000
[ADS] RECORD_DIR = /navigator/logs/record
[ADS] Record ID = ADS_20260412_110000
[ADS] RECORD_DIR = /navigator/logs/record
[ADS] Publishing fake rain for 30s...
[ADS] Waiting sensors startup (15s)...
[ADS] Recording window 120s (sampling weather every 10s)...
[ADS] Waiting flush margin (10s)...
[ADS] Waiting new bag object (timeout 360s)...
[ADS] New object: /navigator/logs/record/debug_negative_rain_r-1-0_v7500.RAINMAN00001.2026-04-12.11-00-39.14.bag
[ADS] Renamed bag object: /navigator/logs/record/ads_ADS_20260412_110000__debug_negative_rain_r-1-0_v7500.RAINMAN00001.2026-04-12.11-00-39.14.bag
[ADS] Log written to /navigator/logs/ads/ADS_20260412_110000.json
[ADS] Done.
[ADS] Record ID = ADS_20260412_230001
[ADS] RECORD_DIR = /navigator/logs/record
[ADS] Publishing fake rain for 30s...
[ADS] Waiting sensors startup (15s)...
[ADS] Recording window 120s (sampling weather every 10s)...
[ADS] Waiting flush margin (10s)...
[ADS] Waiting new bag object (timeout 360s)...
[ADS] New object: /navigator/logs/record/debug_negative_rain_r-1-0_v7500.RAINMAN00001.2026-04-12.23-00-41.58.bag
[ADS] Renamed bag object: /navigator/logs/record/ads_ADS_20260412_230001__debug_negative_rain_r-1-0_v7500.RAINMAN00001.2026-04-12.23-00-41.58.bag
[ADS] Log written to /navigator/logs/ads/ADS_20260412_230001.json
[ADS] Done.
[ADS] Record ID = ADS_20260413_110001
[ADS] RECORD_DIR = /navigator/logs/record
[ADS] Publishing fake rain for 30s...
[ADS] Waiting sensors startup (15s)...
[ADS] Record ID = ADS_20260413_230000
[ADS] RECORD_DIR = /navigator/logs/record
[ADS] Publishing fake rain for 30s...
[ADS] Waiting sensors startup (15s)...
[ADS] Recording window 120s (sampling weather every 10s)...
[ADS] Waiting flush margin (10s)...
[ADS] Waiting new bag object (timeout 360s)...
[ADS] New object: /navigator/logs/record/debug_negative_rain_r-1-0_v7500.RAINMAN00001.2026-04-13.23-00-39.4.bag
[ADS] Renamed bag object: /navigator/logs/record/ads_ADS_20260413_230000__debug_negative_rain_r-1-0_v7500.RAINMAN00001.2026-04-13.23-00-39.4.bag
[ADS] Log written to /navigator/logs/ads/ADS_20260413_230000.json
[ADS] Done.
[ADS] Record ID = ADS_20260414_110000
[ADS] RECORD_DIR = /navigator/logs/record
[ADS] Publishing fake rain for 30s...
[ADS] Waiting sensors startup (15s)...
[ADS] Recording window 120s (sampling weather every 10s)...
[ADS] Waiting flush margin (10s)...
[ADS] Waiting new bag object (timeout 360s)...
[ADS] New object: /navigator/logs/record/debug_negative_rain_r-1-0_v7500.RAINMAN00001.2026-04-14.11-00-39.5.bag
[ADS] Renamed bag object: /navigator/logs/record/ads_ADS_20260414_110000__debug_negative_rain_r-1-0_v7500.RAINMAN00001.2026-04-14.11-00-39.5.bag
[ADS] Log written to /navigator/logs/ads/ADS_20260414_110000.json
[ADS] Done.
[ADS] Record ID = ADS_20260414_230000
[ADS] RECORD_DIR = /navigator/logs/record
[ADS] Publishing fake rain for 30s...
[ADS] Waiting sensors startup (15s)...
[ADS] Recording window 120s (sampling weather every 10s)...
[ADS] Waiting flush margin (10s)...
[ADS] Waiting new bag object (timeout 360s)...
[ADS] New object: /navigator/logs/record/debug_negative_rain_r-1-0_v7500.RAINMAN00001.2026-04-14.23-00-39.6.bag
[ADS] Renamed bag object: /navigator/logs/record/ads_ADS_20260414_230000__debug_negative_rain_r-1-0_v7500.RAINMAN00001.2026-04-14.23-00-39.6.bag
[ADS] Log written to /navigator/logs/ads/ADS_20260414_230000.json
[ADS] Done.
[ADS] Record ID = ADS_20260415_110000
[ADS] RECORD_DIR = /navigator/logs/record
[ADS] Publishing fake rain for 30s...
[ADS] Waiting sensors startup (15s)...
[ADS] Recording window 120s (sampling weather every 10s)...
[ADS] Waiting flush margin (10s)...
[ADS] Waiting new bag object (timeout 360s)...
[ADS] New object: /navigator/logs/record/debug_negative_rain_r-1-0_v7500.RAINMAN00001.2026-04-15.11-00-39.7.bag
[ADS] Renamed bag object: /navigator/logs/record/ads_ADS_20260415_110000__debug_negative_rain_r-1-0_v7500.RAINMAN00001.2026-04-15.11-00-39.7.bag
[ADS] Log written to /navigator/logs/ads/ADS_20260415_110000.json
[ADS] Done.
[ADS] Record ID = ADS_20260415_230000
[ADS] RECORD_DIR = /navigator/logs/record
[ADS] Publishing fake rain for 30s...
[ADS] Waiting sensors startup (15s)...
[ADS] Recording window 120s (sampling weather every 10s)...
[ADS] Waiting flush margin (10s)...
[ADS] Waiting new bag object (timeout 360s)...
[ADS] New object: /navigator/logs/record/debug_negative_rain_r-1-0_v7500.RAINMAN00001.2026-04-15.23-00-39.8.bag
[ADS] Renamed bag object: /navigator/logs/record/ads_ADS_20260415_230000__debug_negative_rain_r-1-0_v7500.RAINMAN00001.2026-04-15.23-00-39.8.bag
[ADS] Log written to /navigator/logs/ads/ADS_20260415_230000.json
[ADS] Done.
[ADS] Record ID = ADS_20260416_110000
[ADS] RECORD_DIR = /navigator/logs/record
[ADS] Publishing fake rain for 30s...
[ADS] Waiting sensors startup (15s)...
[ADS] Recording window 120s (sampling weather every 10s)...
[ADS] Waiting flush margin (10s)...
[ADS] Waiting new bag object (timeout 360s)...
[ADS] New object: /navigator/logs/record/debug_negative_rain_r-1-0_v7500.RAINMAN00001.2026-04-16.11-00-40.9.bag
[ADS] Renamed bag object: /navigator/logs/record/ads_ADS_20260416_110000__debug_negative_rain_r-1-0_v7500.RAINMAN00001.2026-04-16.11-00-40.9.bag
[ADS] Log written to /navigator/logs/ads/ADS_20260416_110000.json
[ADS] Done.
[ADS] Record ID = ADS_20260416_230000
[ADS] RECORD_DIR = /navigator/logs/record
[ADS] Publishing fake rain for 30s...
[ADS] Waiting sensors startup (15s)...
[ADS] Recording window 120s (sampling weather every 10s)...
[ADS] Waiting flush margin (10s)...
[ADS] Waiting new bag object (timeout 360s)...
[ADS] New object: /navigator/logs/record/debug_negative_rain_r-1-0_v7500.RAINMAN00001.2026-04-16.23-00-39.10.bag
[ADS] Renamed bag object: /navigator/logs/record/ads_ADS_20260416_230000__debug_negative_rain_r-1-0_v7500.RAINMAN00001.2026-04-16.23-00-39.10.bag
[ADS] Log written to /navigator/logs/ads/ADS_20260416_230000.json
[ADS] Done.
[ADS] Record ID = ADS_20260417_110000
[ADS] RECORD_DIR = /navigator/logs/record
[ADS] Publishing fake rain for 30s...
[ADS] Waiting sensors startup (15s)...
[ADS] Recording window 120s (sampling weather every 10s)...
[ADS] Waiting flush margin (10s)...
[ADS] Waiting new bag object (timeout 360s)...
[ADS] New object: /navigator/logs/record/debug_negative_rain_r-1-0_v7500.RAINMAN00001.2026-04-17.11-00-40.16.bag
[ADS] Renamed bag object: /navigator/logs/record/ads_ADS_20260417_110000__debug_negative_rain_r-1-0_v7500.RAINMAN00001.2026-04-17.11-00-40.16.bag
[ADS] Log written to /navigator/logs/ads/ADS_20260417_110000.json
[ADS] Done.
[ADS] Record ID = ADS_20260417_230000
[ADS] RECORD_DIR = /navigator/logs/record
[ADS] Publishing fake rain for 30s...
[ADS] Waiting sensors startup (15s)...
[ADS] Recording window 120s (sampling weather every 10s)...
[ADS] Waiting flush margin (10s)...
[ADS] Waiting new bag object (timeout 360s)...
[ADS] New object: /navigator/logs/record/debug_negative_rain_r-1-0_v7500.RAINMAN00001.2026-04-17.23-00-42.17.bag
[ADS] Renamed bag object: /navigator/logs/record/ads_ADS_20260417_230000__debug_negative_rain_r-1-0_v7500.RAINMAN00001.2026-04-17.23-00-42.17.bag
[ADS] Log written to /navigator/logs/ads/ADS_20260417_230000.json
[ADS] Done.
[ADS] Record ID = ADS_20260418_110000
[ADS] RECORD_DIR = /navigator/logs/record
[ADS] Publishing fake rain for 30s...
[ADS] Waiting sensors startup (15s)...
[ADS] Recording window 120s (sampling weather every 10s)...
[ADS] Waiting flush margin (10s)...
[ADS] Waiting new bag object (timeout 360s)...
[ADS] New object: /navigator/logs/record/debug_negative_rain_r-1-0_v7500.RAINMAN00001.2026-04-18.11-00-45.18.bag
[ADS] Renamed bag object: /navigator/logs/record/ads_ADS_20260418_110000__debug_negative_rain_r-1-0_v7500.RAINMAN00001.2026-04-18.11-00-45.18.bag
[ADS] Log written to /navigator/logs/ads/ADS_20260418_110000.json
[ADS] Done.
[ADS] Record ID = ADS_20260418_230000
[ADS] RECORD_DIR = /navigator/logs/record
[ADS] Publishing fake rain for 30s...
[ADS] Waiting sensors startup (15s)...
[ADS] Recording window 120s (sampling weather every 10s)...
[ADS] Waiting flush margin (10s)...
[ADS] Waiting new bag object (timeout 360s)...
[ADS] New object: /navigator/logs/record/debug_negative_rain_r-1-0_v7500.RAINMAN00001.2026-04-18.23-00-47.19.bag
[ADS] Renamed bag object: /navigator/logs/record/ads_ADS_20260418_230000__debug_negative_rain_r-1-0_v7500.RAINMAN00001.2026-04-18.23-00-47.19.bag
[ADS] Log written to /navigator/logs/ads/ADS_20260418_230000.json
[ADS] Done.
[ADS] Record ID = ADS_20260419_110000
[ADS] RECORD_DIR = /navigator/logs/record
[ADS] Publishing fake rain for 30s...
[ADS] Waiting sensors startup (15s)...
[ADS] Recording window 120s (sampling weather every 10s)...
[ADS] Waiting flush margin (10s)...
[ADS] Waiting new bag object (timeout 360s)...
[ADS] New object: /navigator/logs/record/debug_negative_rain_r-1-0_v7500.RAINMAN00001.2026-04-19.11-00-50.20.bag
[ADS] Renamed bag object: /navigator/logs/record/ads_ADS_20260419_110000__debug_negative_rain_r-1-0_v7500.RAINMAN00001.2026-04-19.11-00-50.20.bag
[ADS] Log written to /navigator/logs/ads/ADS_20260419_110000.json
[ADS] Done.
[ADS] Record ID = ADS_20260419_230000
[ADS] RECORD_DIR = /navigator/logs/record
[ADS] Publishing fake rain for 30s...
[ADS] Waiting sensors startup (15s)...
[ADS] Recording window 120s (sampling weather every 10s)...
[ADS] Waiting flush margin (10s)...
[ADS] Waiting new bag object (timeout 360s)...
[ADS] New object: /navigator/logs/record/debug_negative_rain_r-1-0_v7500.RAINMAN00001.2026-04-19.23-00-50.21.bag
[ADS] Renamed bag object: /navigator/logs/record/ads_ADS_20260419_230000__debug_negative_rain_r-1-0_v7500.RAINMAN00001.2026-04-19.23-00-50.21.bag
[ADS] Log written to /navigator/logs/ads/ADS_20260419_230000.json
[ADS] Done.
[ADS] Record ID = ADS_20260420_110000
[ADS] RECORD_DIR = /navigator/logs/record
[ADS] Publishing fake rain for 30s...
[ADS] Record ID = ADS_20260420_230002
[ADS] RECORD_DIR = /navigator/logs/record
[ADS] Record ID = ADS_20260421_110000
[ADS] RECORD_DIR = /navigator/logs/record
[ADS] Record ID = ADS_20260421_230000
[ADS] RECORD_DIR = /navigator/logs/record
[ADS] Record ID = ADS_20260422_110000
[ADS] RECORD_DIR = /navigator/logs/record
[ADS] Record ID = ADS_20260422_230000
[ADS] RECORD_DIR = /navigator/logs/record
